//Jest Snapshot v1, https://goo.gl/fbAQLP

exports ['Test en <GifItem/> debe coincidir con el snapshot 1
<div>
 <div
   class="Card"
 >
  <img
    alt="gif"
    src="https://dragon-ball.com/goku.jpg"
   />
   <p
     data-testid="test-title"
    >
    Dragon ball
    <p/> 
 </div>
</div>
'];